// Jest Snapshot v1, https://goo.gl/fbAQLP

exports[`The Headline component should render correctly into the DOM 1`] = `undefined`;
